Archive member included because of file (symbol)

c:/microsemi/softconsole_v4.0/arm-none-eabi-gcc/bin/../lib/gcc/arm-none-eabi/4.9.3/../../../../arm-none-eabi/lib/armv7-m\libg_nano.a(lib_a-errno.o)
                              ./CMSIS/startup_gcc/newlib_stubs.o (__errno)
c:/microsemi/softconsole_v4.0/arm-none-eabi-gcc/bin/../lib/gcc/arm-none-eabi/4.9.3/../../../../arm-none-eabi/lib/armv7-m\libg_nano.a(lib_a-exit.o)
                              c:/microsemi/softconsole_v4.0/arm-none-eabi-gcc/bin/../lib/gcc/arm-none-eabi/4.9.3/../../../../arm-none-eabi/lib/armv7-m/crt0.o (exit)
c:/microsemi/softconsole_v4.0/arm-none-eabi-gcc/bin/../lib/gcc/arm-none-eabi/4.9.3/../../../../arm-none-eabi/lib/armv7-m\libg_nano.a(lib_a-impure.o)
                              c:/microsemi/softconsole_v4.0/arm-none-eabi-gcc/bin/../lib/gcc/arm-none-eabi/4.9.3/../../../../arm-none-eabi/lib/armv7-m\libg_nano.a(lib_a-exit.o) (_global_impure_ptr)
c:/microsemi/softconsole_v4.0/arm-none-eabi-gcc/bin/../lib/gcc/arm-none-eabi/4.9.3/../../../../arm-none-eabi/lib/armv7-m\libg_nano.a(lib_a-init.o)
                              c:/microsemi/softconsole_v4.0/arm-none-eabi-gcc/bin/../lib/gcc/arm-none-eabi/4.9.3/../../../../arm-none-eabi/lib/armv7-m/crt0.o (__libc_init_array)
c:/microsemi/softconsole_v4.0/arm-none-eabi-gcc/bin/../lib/gcc/arm-none-eabi/4.9.3/../../../../arm-none-eabi/lib/armv7-m\libg_nano.a(lib_a-memcpy.o)
                              ./drivers/mss_sys_services/mss_sys_services.o (memcpy)
c:/microsemi/softconsole_v4.0/arm-none-eabi-gcc/bin/../lib/gcc/arm-none-eabi/4.9.3/../../../../arm-none-eabi/lib/armv7-m\libg_nano.a(lib_a-memset.o)
                              c:/microsemi/softconsole_v4.0/arm-none-eabi-gcc/bin/../lib/gcc/arm-none-eabi/4.9.3/../../../../arm-none-eabi/lib/armv7-m/crt0.o (memset)
c:/microsemi/softconsole_v4.0/arm-none-eabi-gcc/bin/../lib/gcc/arm-none-eabi/4.9.3/../../../../arm-none-eabi/lib/armv7-m\libg_nano.a(lib_a-printf.o)
                              ./main.o (printf)
c:/microsemi/softconsole_v4.0/arm-none-eabi-gcc/bin/../lib/gcc/arm-none-eabi/4.9.3/../../../../arm-none-eabi/lib/armv7-m\libg_nano.a(lib_a-findfp.o)
                              c:/microsemi/softconsole_v4.0/arm-none-eabi-gcc/bin/../lib/gcc/arm-none-eabi/4.9.3/../../../../arm-none-eabi/lib/armv7-m\libg_nano.a(lib_a-printf.o) (__sinit)
c:/microsemi/softconsole_v4.0/arm-none-eabi-gcc/bin/../lib/gcc/arm-none-eabi/4.9.3/../../../../arm-none-eabi/lib/armv7-m\libg_nano.a(lib_a-fwalk.o)
                              c:/microsemi/softconsole_v4.0/arm-none-eabi-gcc/bin/../lib/gcc/arm-none-eabi/4.9.3/../../../../arm-none-eabi/lib/armv7-m\libg_nano.a(lib_a-findfp.o) (_fwalk)
c:/microsemi/softconsole_v4.0/arm-none-eabi-gcc/bin/../lib/gcc/arm-none-eabi/4.9.3/../../../../arm-none-eabi/lib/armv7-m\libg_nano.a(lib_a-nano-mallocr.o)
                              c:/microsemi/softconsole_v4.0/arm-none-eabi-gcc/bin/../lib/gcc/arm-none-eabi/4.9.3/../../../../arm-none-eabi/lib/armv7-m\libg_nano.a(lib_a-findfp.o) (_malloc_r)
c:/microsemi/softconsole_v4.0/arm-none-eabi-gcc/bin/../lib/gcc/arm-none-eabi/4.9.3/../../../../arm-none-eabi/lib/armv7-m\libg_nano.a(lib_a-nano-vfprintf.o)
                              c:/microsemi/softconsole_v4.0/arm-none-eabi-gcc/bin/../lib/gcc/arm-none-eabi/4.9.3/../../../../arm-none-eabi/lib/armv7-m\libg_nano.a(lib_a-printf.o) (_vfprintf_r)
c:/microsemi/softconsole_v4.0/arm-none-eabi-gcc/bin/../lib/gcc/arm-none-eabi/4.9.3/../../../../arm-none-eabi/lib/armv7-m\libg_nano.a(lib_a-nano-vfprintf_i.o)
                              c:/microsemi/softconsole_v4.0/arm-none-eabi-gcc/bin/../lib/gcc/arm-none-eabi/4.9.3/../../../../arm-none-eabi/lib/armv7-m\libg_nano.a(lib_a-nano-vfprintf.o) (_printf_i)
c:/microsemi/softconsole_v4.0/arm-none-eabi-gcc/bin/../lib/gcc/arm-none-eabi/4.9.3/../../../../arm-none-eabi/lib/armv7-m\libg_nano.a(lib_a-sbrkr.o)
                              c:/microsemi/softconsole_v4.0/arm-none-eabi-gcc/bin/../lib/gcc/arm-none-eabi/4.9.3/../../../../arm-none-eabi/lib/armv7-m\libg_nano.a(lib_a-nano-mallocr.o) (_sbrk_r)
c:/microsemi/softconsole_v4.0/arm-none-eabi-gcc/bin/../lib/gcc/arm-none-eabi/4.9.3/../../../../arm-none-eabi/lib/armv7-m\libg_nano.a(lib_a-stdio.o)
                              c:/microsemi/softconsole_v4.0/arm-none-eabi-gcc/bin/../lib/gcc/arm-none-eabi/4.9.3/../../../../arm-none-eabi/lib/armv7-m\libg_nano.a(lib_a-findfp.o) (__sread)
c:/microsemi/softconsole_v4.0/arm-none-eabi-gcc/bin/../lib/gcc/arm-none-eabi/4.9.3/../../../../arm-none-eabi/lib/armv7-m\libg_nano.a(lib_a-wbuf.o)
                              c:/microsemi/softconsole_v4.0/arm-none-eabi-gcc/bin/../lib/gcc/arm-none-eabi/4.9.3/../../../../arm-none-eabi/lib/armv7-m\libg_nano.a(lib_a-nano-vfprintf.o) (__swbuf_r)
c:/microsemi/softconsole_v4.0/arm-none-eabi-gcc/bin/../lib/gcc/arm-none-eabi/4.9.3/../../../../arm-none-eabi/lib/armv7-m\libg_nano.a(lib_a-wsetup.o)
[...]
Memory Configuration

Name             Origin             Length             Attributes
ram              0x20000000         0x00010000         xrw
*default*        0x00000000         0xffffffff

Linker script and memory map

LOAD c:/microsemi/softconsole_v4.0/arm-none-eabi-gcc/bin/../lib/gcc/arm-none-eabi/4.9.3/armv7-m/crti.o
LOAD c:/microsemi/softconsole_v4.0/arm-none-eabi-gcc/bin/../lib/gcc/arm-none-eabi/4.9.3/armv7-m/crtbegin.o
LOAD c:/microsemi/softconsole_v4.0/arm-none-eabi-gcc/bin/../lib/gcc/arm-none-eabi/4.9.3/../../../../arm-none-eabi/lib/armv7-m/crt0.o
LOAD ./hal/CortexM3/GNU/hal.o
LOAD ./hal/CortexM3/GNU/hw_reg_access.o
LOAD ./hal/CortexM3/cortex_nvic.o
LOAD ./drivers_config/sys_config/sys_config.o
LOAD ./drivers/mss_uart/mss_uart.o
LOAD ./drivers/mss_sys_services/mss_comblk.o
LOAD ./drivers/mss_sys_services/mss_sys_services.o
LOAD ./drivers/mss_nvm/mss_nvm.o
LOAD ./drivers/mss_hpdma/mss_hpdma.o
LOAD ./drivers/mss_gpio/mss_gpio.o
LOAD ./CMSIS/startup_gcc/newlib_stubs.o
LOAD ./CMSIS/startup_gcc/startup_m2sxxx.o
LOAD ./CMSIS/system_m2sxxx.o
LOAD ./main.o
START GROUP
LOAD c:/microsemi/softconsole_v4.0/arm-none-eabi-gcc/bin/../lib/gcc/arm-none-eabi/4.9.3/armv7-m\libgcc.a
LOAD c:/microsemi/softconsole_v4.0/arm-none-eabi-gcc/bin/../lib/gcc/arm-none-eabi/4.9.3/../../../../arm-none-eabi/lib/armv7-m\libg_nano.a
LOAD c:/microsemi/softconsole_v4.0/arm-none-eabi-gcc/bin/../lib/gcc/arm-none-eabi/4.9.3/../../../../arm-none-eabi/lib/armv7-m\libc_nano.a
END GROUP
START GROUP
LOAD c:/microsemi/softconsole_v4.0/arm-none-eabi-gcc/bin/../lib/gcc/arm-none-eabi/4.9.3/armv7-m\libgcc.a
LOAD c:/microsemi/softconsole_v4.0/arm-none-eabi-gcc/bin/../lib/gcc/arm-none-eabi/4.9.3/../../../../arm-none-eabi/lib/armv7-m\libc_nano.a
END GROUP
LOAD c:/microsemi/softconsole_v4.0/arm-none-eabi-gcc/bin/../lib/gcc/arm-none-eabi/4.9.3/armv7-m/crtend.o
LOAD c:/microsemi/softconsole_v4.0/arm-none-eabi-gcc/bin/../lib/gcc/arm-none-eabi/4.9.3/armv7-m/crtn.o
START GROUP
LOAD c:/microsemi/softconsole_v4.0/arm-none-eabi-gcc/bin/../lib/gcc/arm-none-eabi/4.9.3/../../../../arm-none-eabi/lib/armv7-m\libc.a
LOAD c:/microsemi/softconsole_v4.0/arm-none-eabi-gcc/bin/../lib/gcc/arm-none-eabi/4.9.3/armv7-m\libgcc.a
LOAD c:/microsemi/softconsole_v4.0/arm-none-eabi-gcc/bin/../lib/gcc/arm-none-eabi/4.9.3/../../../../arm-none-eabi/lib/armv7-m\libm.a
END GROUP
                0x00000000                __DYNAMIC = 0x0
                0x20000000                RAM_START_ADDRESS = 0x20000000
                0x00010000                RAM_SIZE = 0x10000
                0x00001000                MAIN_STACK_SIZE = 0x1000
                0x00001000                MIN_SIZE_HEAP = 0x1000
                0x20010000                PROVIDE (__main_stack_start, (RAM_START_ADDRESS + RAM_SIZE))
                0x20010000                PROVIDE (_estack, __main_stack_start)
                0x00000000                PROVIDE (__mirrored_nvm, 0x0)
                0x00000000                PROVIDE (__smartfusion2_memory_remap, 0x0)

.vector_table   0x20000000      0x190
                0x20000000                __vector_table_load = LOADADDR (.vector_table)
                0x20000000                __vector_table_start = .
                0x20000000                __vector_table_vma_base_address = .
 *(.isr_vector)
 .isr_vector    0x20000000      0x190 ./CMSIS/startup_gcc/startup_m2sxxx.o
                0x20000000                g_pfnVectors
                0x20000190                . = ALIGN (0x10)
                0x20000190                _evector_table = .

.boot_code      0x20000190      0x330
 *(.boot_code)
 .boot_code     0x20000190      0x324 ./CMSIS/startup_gcc/startup_m2sxxx.o
                0x20000190                Reset_Handler
                0x2000037e                NMI_Handler
                0x20000380                HardFault_Handler
                0x20000382                MemManage_Handler
                0x20000384                BusFault_Handler
                0x20000386                UsageFault_Handler
                0x20000388                SVC_Handler
                0x2000038a                DebugMon_Handler
                0x2000038c                PendSV_Handler
                0x2000038e                SysTick_Handler
                0x20000390                WdogWakeup_IRQHandler
                0x20000392                RTC_Wakeup_IRQHandler
                0x20000394                SPI0_IRQHandler
                0x20000396                SPI1_IRQHandler
                0x20000398                I2C0_IRQHandler
                0x2000039a                I2C0_SMBAlert_IRQHandler
                0x2000039c                I2C0_SMBus_IRQHandler
                0x2000039e                I2C1_IRQHandler
                0x200003a0                I2C1_SMBAlert_IRQHandler
                0x200003a2                I2C1_SMBus_IRQHandler
                0x200003a8                EthernetMAC_IRQHandler
                0x200003aa                DMA_IRQHandler
                0x200003ac                Timer1_IRQHandler
                0x200003ae                Timer2_IRQHandler
                0x200003b0                CAN_IRQHandler
                0x200003b2                ENVM0_IRQHandler
                0x200003b4                ENVM1_IRQHandler
                0x200003b8                USB_IRQHandler
                0x200003ba                USB_DMA_IRQHandler
                0x200003bc                PLL_Lock_IRQHandler
                0x200003be                PLL_LockLost_IRQHandler
                0x200003c0                CommSwitchError_IRQHandler
                0x200003c2                CacheError_IRQHandler
                0x200003c4                DDR_IRQHandler
                0x200003ca                ECC_Error_IRQHandler
                0x200003cc                MDDR_IOCalib_IRQHandler
                0x200003ce                FAB_PLL_Lock_IRQHandler
                0x200003d0                FAB_PLL_LockLost_IRQHandler
                0x200003d2                FIC64_IRQHandler
                0x200003d4                FabricIrq0_IRQHandler
                0x200003d6                FabricIrq1_IRQHandler
                0x200003d8                FabricIrq2_IRQHandler
                0x200003da                FabricIrq3_IRQHandler
                0x200003dc                FabricIrq4_IRQHandler
                0x200003de                FabricIrq5_IRQHandler
                0x200003e0                FabricIrq6_IRQHandler
                0x200003e2                FabricIrq7_IRQHandler
                0x200003e4                FabricIrq8_IRQHandler
                0x200003e6                FabricIrq9_IRQHandler
                0x200003e8                FabricIrq10_IRQHandler
                0x200003ea                FabricIrq11_IRQHandler
                0x200003ec                FabricIrq12_IRQHandler
                0x200003ee                FabricIrq13_IRQHandler
                0x200003f0                FabricIrq14_IRQHandler
                0x200003f2                FabricIrq15_IRQHandler
                0x200003f4                GPIO0_IRQHandler
                0x200003f6                GPIO1_IRQHandler
                0x200003f8                GPIO2_IRQHandler
                0x200003fa                GPIO3_IRQHandler
                0x200003fc                GPIO4_IRQHandler
                0x200003fe                GPIO5_IRQHandler
                0x20000400                GPIO6_IRQHandler
                0x20000402                GPIO7_IRQHandler
                0x20000404                GPIO8_IRQHandler
                0x20000406                GPIO9_IRQHandler
                0x20000408                GPIO10_IRQHandler
                0x2000040a                GPIO11_IRQHandler
                0x2000040c                GPIO12_IRQHandler
                0x2000040e                GPIO13_IRQHandler
                0x20000410                GPIO14_IRQHandler
                0x20000412                GPIO15_IRQHandler
                0x20000414                GPIO16_IRQHandler
                0x20000416                GPIO17_IRQHandler
                0x20000418                GPIO18_IRQHandler
                0x2000041a                GPIO19_IRQHandler
                0x2000041c                GPIO20_IRQHandler
                0x2000041e                GPIO21_IRQHandler
                0x20000420                GPIO22_IRQHandler
                0x20000422                GPIO23_IRQHandler
                0x20000424                GPIO24_IRQHandler
                0x20000426                GPIO25_IRQHandler
                0x20000428                GPIO26_IRQHandler
                0x2000042a                GPIO27_IRQHandler
                0x2000042c                GPIO28_IRQHandler
                0x2000042e                GPIO29_IRQHandler
                0x20000430                GPIO30_IRQHandler
                0x20000432                GPIO31_IRQHandler
                0x20000434                mscc_post_hw_cfg_init
                0x200004c0                . = ALIGN (0x10)
 *fill*         0x200004b4        0xc 

.text           0x200004c0     0x27a0
 CREATE_OBJECT_SYMBOLS
                0x200004c0                __text_load = LOADADDR (.text)
                0x200004c0                __text_start = .
 *(.text .text.* .gnu.linkonce.t.*)
 .text          0x200004c0       0x5c c:/microsemi/softconsole_v4.0/arm-none-eabi-gcc/bin/../lib/gcc/arm-none-eabi/4.9.3/armv7-m/crtbegin.o
 .text.NVIC_ClearPendingIRQ
                0x2000051c       0x34 ./drivers/mss_uart/mss_uart.o
 .text.set_bit_reg8
                0x20000550       0x38 ./drivers/mss_uart/mss_uart.o
 .text.clear_bit_reg8
                0x20000588       0x38 ./drivers/mss_uart/mss_uart.o
 .text.read_bit_reg8
                0x200005c0       0x38 ./drivers/mss_uart/mss_uart.o
 .text.MSS_UART_init
                0x200005f8       0x70 ./drivers/mss_uart/mss_uart.o
                0x200005f8                MSS_UART_init
 .text.MSS_UART_polled_tx
                0x20000668       0xc4 ./drivers/mss_uart/mss_uart.o
                0x20000668                MSS_UART_polled_tx
 .text.MSS_UART_get_rx
                0x2000072c       0xc0 ./drivers/mss_uart/mss_uart.o
                0x2000072c                MSS_UART_get_rx
 .text.UART0_IRQHandler
                0x200007ec       0x20 ./drivers/mss_uart/mss_uart.o
                0x200007ec                UART0_IRQHandler
 .text.UART1_IRQHandler
                0x2000080c       0x20 ./drivers/mss_uart/mss_uart.o
                0x2000080c                UART1_IRQHandler
 .text.config_baud_divisors
                0x2000082c      0x148 ./drivers/mss_uart/mss_uart.o
 .text.global_init
                0x20000974      0x1d8 ./drivers/mss_uart/mss_uart.o
 .text.MSS_UART_isr
                0x20000b4c      0x1f0 ./drivers/mss_uart/mss_uart.o
 .text.default_tx_handler
                0x20000d3c       0xe8 ./drivers/mss_uart/mss_uart.o
 .text.ComBlk_IRQHandler
                0x20000e24       0x48 ./drivers/mss_sys_services/mss_comblk.o
                0x20000e24                ComBlk_IRQHandler
 .text.handle_tx_okay_irq
                0x20000e6c      0x1b0 ./drivers/mss_sys_services/mss_comblk.o
 .text.handle_rx_okay_irq
                0x2000101c      0x204 ./drivers/mss_sys_services/mss_comblk.o
 .text.complete_request
                0x20001220       0x40 ./drivers/mss_sys_services/mss_comblk.o
 .text.abort_current_cmd
                0x20001260       0x4c ./drivers/mss_sys_services/mss_comblk.o
 .text.fill_tx_fifo
                0x200012ac       0x64 ./drivers/mss_sys_services/mss_comblk.o
 .text.process_sys_ctrl_command
                0x20001310       0x28 ./drivers/mss_sys_services/mss_comblk.o
 .text.start_transfer
                0x20001338      0x14c ./drivers/mss_hpdma/mss_hpdma.o
 .text.HPDMA_Complete_IRQHandler
                0x20001484       0xf4 ./drivers/mss_hpdma/mss_hpdma.o
                0x20001484                HPDMA_Complete_IRQHandler
 .text.HPDMA_Error_IRQHandler
                0x20001578      0x100 ./drivers/mss_hpdma/mss_hpdma.o
                0x20001578                HPDMA_Error_IRQHandler
 .text.NVIC_DisableIRQ
                0x20001678       0x34 ./drivers/mss_gpio/mss_gpio.o
 .text.NVIC_ClearPendingIRQ
                0x200016ac       0x34 ./drivers/mss_gpio/mss_gpio.o
 .text.MSS_GPIO_init
                0x200016e0       0x78 ./drivers/mss_gpio/mss_gpio.o
                0x200016e0                MSS_GPIO_init
 .text.MSS_GPIO_config
                0x20001758       0x38 ./drivers/mss_gpio/mss_gpio.o
                0x20001758                MSS_GPIO_config
 .text._close   0x20001790       0x18 ./CMSIS/startup_gcc/newlib_stubs.o
                0x20001790                _close
 .text._exit    0x200017a8        0xc ./CMSIS/startup_gcc/newlib_stubs.o
                0x200017a8                _exit
 .text._fstat   0x200017b4       0x20 ./CMSIS/startup_gcc/newlib_stubs.o
                0x200017b4                _fstat
 .text._isatty  0x200017d4       0x18 ./CMSIS/startup_gcc/newlib_stubs.o
                0x200017d4                _isatty
 .text._lseek   0x200017ec       0x1c ./CMSIS/startup_gcc/newlib_stubs.o
                0x200017ec                _lseek
 .text._read    0x20001808       0x1c ./CMSIS/startup_gcc/newlib_stubs.o
                0x20001808                _read
 .text._write_r
                0x20001824       0x1c ./CMSIS/startup_gcc/newlib_stubs.o
                0x20001824                _write_r
 .text._sbrk    0x20001840       0x9c ./CMSIS/startup_gcc/newlib_stubs.o
                0x20001840                _sbrk
 .text.SystemInit
                0x200018dc       0x20 ./CMSIS/system_m2sxxx.o
                0x200018dc                SystemInit
 .text.SystemCoreClockUpdate
                0x200018fc       0xf4 ./CMSIS/system_m2sxxx.o
                0x200018fc                SystemCoreClockUpdate
 .text.get_rcosc_25_50mhz_frequency
                0x200019f0       0x3c ./CMSIS/system_m2sxxx.o
 .text.set_clock_frequency_globals
                0x20001a2c       0x5c ./CMSIS/system_m2sxxx.o
 .text.get_silicon_revision
                0x20001a88       0x48 ./CMSIS/system_m2sxxx.o
 .text.silicon_workarounds
                0x20001ad0       0x20 ./CMSIS/system_m2sxxx.o
 .text.m2s050_rev_a_workarounds
                0x20001af0       0x30 ./CMSIS/system_m2sxxx.o
 .text.MSS_GPIO_set_outputs
                0x20001b20       0x20 ./main.o
 .text.MSS_GPIO_get_outputs
                0x20001b40       0x18 ./main.o
 .text.main     0x20001b58       0xac ./main.o
                0x20001b58                main
 .text.delay    0x20001c04       0x2c ./main.o
 .text.Toggle_GPIO_Pin
                0x20001c30       0x28 ./main.o
                0x20001c30                Toggle_GPIO_Pin
 .text.circ_bbuf_push
                0x20001c58       0x54 ./main.o
                0x20001c58                circ_bbuf_push
 .text.circ_bbuf_pop
                0x20001cac       0x58 ./main.o
                0x20001cac                circ_bbuf_pop
 .text.__libc_init_array
                0x20001d04       0x4c c:/microsemi/softconsole_v4.0/arm-none-eabi-gcc/bin/../lib/gcc/arm-none-eabi/4.9.3/../../../../arm-none-eabi/lib/armv7-m\libg_nano.a(lib_a-init.o)
                0x20001d04                __libc_init_array
 .text.memset   0x20001d50       0x10 c:/microsemi/softconsole_v4.0/arm-none-eabi-gcc/bin/../lib/gcc/arm-none-eabi/4.9.3/../../../../arm-none-eabi/lib/armv7-m\libg_nano.a(lib_a-memset.o)
                0x20001d50                memset
 .text.printf   0x20001d60       0x30 c:/microsemi/softconsole_v4.0/arm-none-eabi-gcc/bin/../lib/gcc/arm-none-eabi/4.9.3/../../../../arm-none-eabi/lib/armv7-m\libg_nano.a(lib_a-printf.o)
                0x20001d60                iprintf
                0x20001d60                printf
 .text._cleanup_r
                0x20001d90        0xc c:/microsemi/softconsole_v4.0/arm-none-eabi-gcc/bin/../lib/gcc/arm-none-eabi/4.9.3/../../../../arm-none-eabi/lib/armv7-m\libg_nano.a(lib_a-findfp.o)
                0x20001d90                _cleanup_r
 .text.std.isra.0
                0x20001d9c       0x48 c:/microsemi/softconsole_v4.0/arm-none-eabi-gcc/bin/../lib/gcc/arm-none-eabi/4.9.3/../../../../arm-none-eabi/lib/armv7-m\libg_nano.a(lib_a-findfp.o)
 .text.__sfmoreglue
                0x20001de4       0x2c c:/microsemi/softconsole_v4.0/arm-none-eabi-gcc/bin/../lib/gcc/arm-none-eabi/4.9.3/../../../../arm-none-eabi/lib/armv7-m\libg_nano.a(lib_a-findfp.o)
                0x20001de4                __sfmoreglue
 .text.__sinit  0x20001e10       0x60 c:/microsemi/softconsole_v4.0/arm-none-eabi-gcc/bin/../lib/gcc/arm-none-eabi/4.9.3/../../../../arm-none-eabi/lib/armv7-m\libg_nano.a(lib_a-findfp.o)
                0x20001e10                __sinit
 .text.__sfp    0x20001e70       0x74 c:/microsemi/softconsole_v4.0/arm-none-eabi-gcc/bin/../lib/gcc/arm-none-eabi/4.9.3/../../../../arm-none-eabi/lib/armv7-m\libg_nano.a(lib_a-findfp.o)
                0x20001e70                __sfp
 .text._fwalk_reent
                0x20001ee4       0x3c c:/microsemi/softconsole_v4.0/arm-none-eabi-gcc/bin/../lib/gcc/arm-none-eabi/4.9.3/../../../../arm-none-eabi/lib/armv7-m\libg_nano.a(lib_a-fwalk.o)
                0x20001ee4                _fwalk_reent
 .text._malloc_r
                0x20001f20       0xac c:/microsemi/softconsole_v4.0/arm-none-eabi-gcc/bin/../lib/gcc/arm-none-eabi/4.9.3/../../../../arm-none-eabi/lib/armv7-m\libg_nano.a(lib_a-nano-mallocr.o)
                0x20001f20                _malloc_r
 .text.__sfputc_r
                0x20001fcc       0x2c c:/microsemi/softconsole_v4.0/arm-none-eabi-gcc/bin/../lib/gcc/arm-none-eabi/4.9.3/../../../../arm-none-eabi/lib/armv7-m\libg_nano.a(lib_a-nano-vfprintf.o)
 .text.__sfputs_r
                0x20001ff8       0x24 c:/microsemi/softconsole_v4.0/arm-none-eabi-gcc/bin/../lib/gcc/arm-none-eabi/4.9.3/../../../../arm-none-eabi/lib/armv7-m\libg_nano.a(lib_a-nano-vfprintf.o)
                0x20001ff8                __sfputs_r
 .text._vfprintf_r
                0x2000201c      0x210 c:/microsemi/softconsole_v4.0/arm-none-eabi-gcc/bin/../lib/gcc/arm-none-eabi/4.9.3/../../../../arm-none-eabi/lib/armv7-m\libg_nano.a(lib_a-nano-vfprintf.o)
                0x2000201c                _vfprintf_r
                0x2000201c                _vfiprintf_r
 .text._printf_common
                0x2000222c       0xea c:/microsemi/softconsole_v4.0/arm-none-eabi-gcc/bin/../lib/gcc/arm-none-eabi/4.9.3/../../../../arm-none-eabi/lib/armv7-m\libg_nano.a(lib_a-nano-vfprintf_i.o)
                0x2000222c                _printf_common
 *fill*         0x20002316        0x2 
 .text._printf_i
                0x20002318      0x240 c:/microsemi/softconsole_v4.0/arm-none-eabi-gcc/bin/../lib/gcc/arm-none-eabi/4.9.3/../../../../arm-none-eabi/lib/armv7-m\libg_nano.a(lib_a-nano-vfprintf_i.o)
                0x20002318                _printf_i
 .text._sbrk_r  0x20002558       0x20 c:/microsemi/softconsole_v4.0/arm-none-eabi-gcc/bin/../lib/gcc/arm-none-eabi/4.9.3/../../../../arm-none-eabi/lib/armv7-m\libg_nano.a(lib_a-sbrkr.o)
                0x20002558                _sbrk_r
 .text.__sread  0x20002578       0x22 c:/microsemi/softconsole_v4.0/arm-none-eabi-gcc/bin/../lib/gcc/arm-none-eabi/4.9.3/../../../../arm-none-eabi/lib/armv7-m\libg_nano.a(lib_a-stdio.o)
                0x20002578                __sread
 .text.__swrite
                0x2000259a       0x38 c:/microsemi/softconsole_v4.0/arm-none-eabi-gcc/bin/../lib/gcc/arm-none-eabi/4.9.3/../../../../arm-none-eabi/lib/armv7-m\libg_nano.a(lib_a-stdio.o)
                0x2000259a                __swrite
 .text.__sseek  0x200025d2       0x24 c:/microsemi/softconsole_v4.0/arm-none-eabi-gcc/bin/../lib/gcc/arm-none-eabi/4.9.3/../../../../arm-none-eabi/lib/armv7-m\libg_nano.a(lib_a-stdio.o)
                0x200025d2                __sseek
 .text.__sclose
                0x200025f6        0x8 c:/microsemi/softconsole_v4.0/arm-none-eabi-gcc/bin/../lib/gcc/arm-none-eabi/4.9.3/../../../../arm-none-eabi/lib/armv7-m\libg_nano.a(lib_a-stdio.o)
                0x200025f6                __sclose
 *fill*         0x200025fe        0x2 
 .text.__swbuf_r
                0x20002600       0xa8 c:/microsemi/softconsole_v4.0/arm-none-eabi-gcc/bin/../lib/gcc/arm-none-eabi/4.9.3/../../../../arm-none-eabi/lib/armv7-m\libg_nano.a(lib_a-wbuf.o)
                0x20002600                __swbuf_r
 .text.__swsetup_r
                0x200026a8       0xd8 c:/microsemi/softconsole_v4.0/arm-none-eabi-gcc/bin/../lib/gcc/arm-none-eabi/4.9.3/../../../../arm-none-eabi/lib/armv7-m\libg_nano.a(lib_a-wsetup.o)
                0x200026a8                __swsetup_r
 .text._close_r
                0x20002780       0x20 c:/microsemi/softconsole_v4.0/arm-none-eabi-gcc/bin/../lib/gcc/arm-none-eabi/4.9.3/../../../../arm-none-eabi/lib/armv7-m\libg_nano.a(lib_a-closer.o)
                0x20002780                _close_r
 .text.__sflush_r
                0x200027a0      0x106 c:/microsemi/softconsole_v4.0/arm-none-eabi-gcc/bin/../lib/gcc/arm-none-eabi/4.9.3/../../../../arm-none-eabi/lib/armv7-m\libg_nano.a(lib_a-fflush.o)
                0x200027a0                __sflush_r
 *fill*         0x200028a6        0x2 
 .text._fflush_r
                0x200028a8       0x54 c:/microsemi/softconsole_v4.0/arm-none-eabi-gcc/bin/../lib/gcc/arm-none-eabi/4.9.3/../../../../arm-none-eabi/lib/armv7-m\libg_nano.a(lib_a-fflush.o)
                0x200028a8                _fflush_r
 .text._lseek_r
                0x200028fc       0x24 c:/microsemi/softconsole_v4.0/arm-none-eabi-gcc/bin/../lib/gcc/arm-none-eabi/4.9.3/../../../../arm-none-eabi/lib/armv7-m\libg_nano.a(lib_a-lseekr.o)
                0x200028fc                _lseek_r
 .text.__smakebuf_r
                0x20002920       0x98 c:/microsemi/softconsole_v4.0/arm-none-eabi-gcc/bin/../lib/gcc/arm-none-eabi/4.9.3/../../../../arm-none-eabi/lib/armv7-m\libg_nano.a(lib_a-makebuf.o)
                0x20002920                __smakebuf_r
 .text.memchr   0x200029b8       0x1c c:/microsemi/softconsole_v4.0/arm-none-eabi-gcc/bin/../lib/gcc/arm-none-eabi/4.9.3/../../../../arm-none-eabi/lib/armv7-m\libg_nano.a(lib_a-memchr.o)
                0x200029b8                memchr
 .text._free_r  0x200029d4       0x88 c:/microsemi/softconsole_v4.0/arm-none-eabi-gcc/bin/../lib/gcc/arm-none-eabi/4.9.3/../../../../arm-none-eabi/lib/armv7-m\libg_nano.a(lib_a-nano-freer.o)
                0x200029d4                _free_r
 .text._read_r  0x20002a5c       0x24 c:/microsemi/softconsole_v4.0/arm-none-eabi-gcc/bin/../lib/gcc/arm-none-eabi/4.9.3/../../../../arm-none-eabi/lib/armv7-m\libg_nano.a(lib_a-readr.o)
                0x20002a5c                _read_r
 .text._fstat_r
                0x20002a80       0x24 c:/microsemi/softconsole_v4.0/arm-none-eabi-gcc/bin/../lib/gcc/arm-none-eabi/4.9.3/../../../../arm-none-eabi/lib/armv7-m\libg_nano.a(lib_a-fstatr.o)
                0x20002a80                _fstat_r
 .text._isatty_r
                0x20002aa4       0x20 c:/microsemi/softconsole_v4.0/arm-none-eabi-gcc/bin/../lib/gcc/arm-none-eabi/4.9.3/../../../../arm-none-eabi/lib/armv7-m\libg_nano.a(lib_a-isattyr.o)
                0x20002aa4                _isatty_r
 *(.plt)
 *(.gnu.warning)
 *(.glue_7t)
 .glue_7t       0x00000000        0x0 linker stubs
 *(.glue_7)
 .glue_7        0x00000000        0x0 linker stubs
 *(.vfp11_veneer)
 .vfp11_veneer  0x00000000        0x0 linker stubs
                0x20002ac4                . = ALIGN (0x4)
 *crtbegin.o(.ctors)
 *(EXCLUDE_FILE(*crtend.o) .ctors)
 *(SORT(.ctors.*))
 *crtend.o(.ctors)
 *crtbegin.o(.dtors)
 *(EXCLUDE_FILE(*crtend.o) .dtors)
 *(SORT(.dtors.*))
 *crtend.o(.dtors)
 *(.rodata .rodata.* .gnu.linkonce.r.*)
 .rodata.g_config_reg_lut
                0x20002ac4       0x80 ./drivers/mss_gpio/mss_gpio.o
 .rodata.g_gpio_irqn_lut
                0x20002b44       0x20 ./drivers/mss_gpio/mss_gpio.o
 .rodata        0x20002b64       0x30 ./CMSIS/startup_gcc/newlib_stubs.o
 .rodata        0x20002b94        0x8 ./CMSIS/system_m2sxxx.o
 .rodata.str1.1
                0x20002b9c        0x2 c:/microsemi/softconsole_v4.0/arm-none-eabi-gcc/bin/../lib/gcc/arm-none-eabi/4.9.3/../../../../arm-none-eabi/lib/armv7-m\libg_nano.a(lib_a-impure.o)
 *fill*         0x20002b9e        0x2 
 .rodata._global_impure_ptr
                0x20002ba0        0x4 c:/microsemi/softconsole_v4.0/arm-none-eabi-gcc/bin/../lib/gcc/arm-none-eabi/4.9.3/../../../../arm-none-eabi/lib/armv7-m\libg_nano.a(lib_a-impure.o)
                0x20002ba0                _global_impure_ptr
 .rodata.__sf_fake_stdin
                0x20002ba4       0x20 c:/microsemi/softconsole_v4.0/arm-none-eabi-gcc/bin/../lib/gcc/arm-none-eabi/4.9.3/../../../../arm-none-eabi/lib/armv7-m\libg_nano.a(lib_a-findfp.o)
                0x20002ba4                __sf_fake_stdin
 .rodata.__sf_fake_stdout
                0x20002bc4       0x20 c:/microsemi/softconsole_v4.0/arm-none-eabi-gcc/bin/../lib/gcc/arm-none-eabi/4.9.3/../../../../arm-none-eabi/lib/armv7-m\libg_nano.a(lib_a-findfp.o)
                0x20002bc4                __sf_fake_stdout
 .rodata.__sf_fake_stderr
                0x20002be4       0x20 c:/microsemi/softconsole_v4.0/arm-none-eabi-gcc/bin/../lib/gcc/arm-none-eabi/4.9.3/../../../../arm-none-eabi/lib/armv7-m\libg_nano.a(lib_a-findfp.o)
                0x20002be4                __sf_fake_stderr
 .rodata.str1.1
                0x20002c04       0x11 c:/microsemi/softconsole_v4.0/arm-none-eabi-gcc/bin/../lib/gcc/arm-none-eabi/4.9.3/../../../../arm-none-eabi/lib/armv7-m\libg_nano.a(lib_a-nano-vfprintf.o)
 .rodata.str1.1
                0x20002c15       0x22 c:/microsemi/softconsole_v4.0/arm-none-eabi-gcc/bin/../lib/gcc/arm-none-eabi/4.9.3/../../../../arm-none-eabi/lib/armv7-m\libg_nano.a(lib_a-nano-vfprintf_i.o)
 *(.ARM.extab* .gnu.linkonce.armextab.*)
 *(.gcc_except_table)
 *(.eh_frame_hdr)
 *(.eh_frame)
 *fill*         0x20002c37        0x1 
 .eh_frame      0x20002c38        0x0 c:/microsemi/softconsole_v4.0/arm-none-eabi-gcc/bin/../lib/gcc/arm-none-eabi/4.9.3/armv7-m/crtbegin.o
 *(.vector_table)
 *(.init)
 .init          0x20002c38        0x4 c:/microsemi/softconsole_v4.0/arm-none-eabi-gcc/bin/../lib/gcc/arm-none-eabi/4.9.3/armv7-m/crti.o
                0x20002c38                _init
 .init          0x20002c3c        0x8 c:/microsemi/softconsole_v4.0/arm-none-eabi-gcc/bin/../lib/gcc/arm-none-eabi/4.9.3/armv7-m/crtn.o
 *(.fini)
 .fini          0x20002c44        0x4 c:/microsemi/softconsole_v4.0/arm-none-eabi-gcc/bin/../lib/gcc/arm-none-eabi/4.9.3/armv7-m/crti.o
                0x20002c44                _fini
 .fini          0x20002c48        0x8 c:/microsemi/softconsole_v4.0/arm-none-eabi-gcc/bin/../lib/gcc/arm-none-eabi/4.9.3/armv7-m/crtn.o
                0x20002c50                PROVIDE (__preinit_array_start, .)
 *(.preinit_array)
                0x20002c50                PROVIDE (__preinit_array_end, .)
                0x20002c50                PROVIDE (__init_array_start, .)
 *(SORT(.init_array.*))
 *(.init_array)
 .init_array    0x20002c50        0x4 c:/microsemi/softconsole_v4.0/arm-none-eabi-gcc/bin/../lib/gcc/arm-none-eabi/4.9.3/armv7-m/crtbegin.o
                0x20002c54                PROVIDE (__init_array_end, .)
                0x20002c54                PROVIDE (__fini_array_start, .)
 *(.fini_array)
 .fini_array    0x20002c54        0x4 c:/microsemi/softconsole_v4.0/arm-none-eabi-gcc/bin/../lib/gcc/arm-none-eabi/4.9.3/armv7-m/crtbegin.o
 *(SORT(.fini_array.*))
                0x20002c58                PROVIDE (__fini_array_end, .)
                0x20002c60                . = ALIGN (0x10)
 *fill*         0x20002c58        0x8 
                0x20002c60                __exidx_start = .

.v4_bx          0x20002c60        0x0
 .v4_bx         0x00000000        0x0 linker stubs

.iplt           0x20002c60        0x0
 .iplt          0x00000000        0x0 c:/microsemi/softconsole_v4.0/arm-none-eabi-gcc/bin/../lib/gcc/arm-none-eabi/4.9.3/armv7-m/crtbegin.o

.rel.dyn        0x20002c60        0x0
 .rel.iplt      0x00000000        0x0 c:/microsemi/softconsole_v4.0/arm-none-eabi-gcc/bin/../lib/gcc/arm-none-eabi/4.9.3/armv7-m/crtbegin.o

.ARM.exidx
 *(.ARM.exidx* .gnu.linkonce.armexidx.*)
                0x20002c60                __exidx_end = .
                0x20002c60                _etext = .
                0x20002c60                PROVIDE (__text_end, .)

.data           0x20002c60       0x90
                0x20002c60                __data_load = LOADADDR (.data)
                0x20002c60                _sidata = LOADADDR (.data)
                0x20002c60                __data_start = .
                0x20002c60                _sdata = .
 *(.jcr)
 .jcr           0x20002c60        0x0 c:/microsemi/softconsole_v4.0/arm-none-eabi-gcc/bin/../lib/gcc/arm-none-eabi/4.9.3/armv7-m/crtbegin.o
 .jcr           0x20002c60        0x4 c:/microsemi/softconsole_v4.0/arm-none-eabi-gcc/bin/../lib/gcc/arm-none-eabi/4.9.3/armv7-m/crtend.o
 *(.got.plt)
 *(.got)
 *(.shdata)
 *(.data .data.* .gnu.linkonce.d.*)
 .data.SystemCoreClock
                0x20002c64        0x4 ./CMSIS/system_m2sxxx.o
                0x20002c64                SystemCoreClock
 .data.g_FrequencyPCLK0
                0x20002c68        0x4 ./CMSIS/system_m2sxxx.o
                0x20002c68                g_FrequencyPCLK0
 .data.g_FrequencyPCLK1
                0x20002c6c        0x4 ./CMSIS/system_m2sxxx.o
                0x20002c6c                g_FrequencyPCLK1
 .data.g_FrequencyPCLK2
                0x20002c70        0x4 ./CMSIS/system_m2sxxx.o
                0x20002c70                g_FrequencyPCLK2
 .data.g_FrequencyFIC0
                0x20002c74        0x4 ./CMSIS/system_m2sxxx.o
                0x20002c74                g_FrequencyFIC0
 .data.g_FrequencyFIC1
                0x20002c78        0x4 ./CMSIS/system_m2sxxx.o
                0x20002c78                g_FrequencyFIC1
 .data.g_FrequencyFIC64
                0x20002c7c        0x4 ./CMSIS/system_m2sxxx.o
                0x20002c7c                g_FrequencyFIC64
 .data.impure_data
                0x20002c80       0x60 c:/microsemi/softconsole_v4.0/arm-none-eabi-gcc/bin/../lib/gcc/arm-none-eabi/4.9.3/../../../../arm-none-eabi/lib/armv7-m\libg_nano.a(lib_a-impure.o)
 .data._impure_ptr
                0x20002ce0        0x4 c:/microsemi/softconsole_v4.0/arm-none-eabi-gcc/bin/../lib/gcc/arm-none-eabi/4.9.3/../../../../arm-none-eabi/lib/armv7-m\libg_nano.a(lib_a-impure.o)
                0x20002ce0                _impure_ptr
                0x20002cf0                . = ALIGN (0x10)
 *fill*         0x20002ce4        0xc 
                0x20002cf0                _edata = .

.igot.plt       0x20002cf0        0x0
 .igot.plt      0x00000000        0x0 c:/microsemi/softconsole_v4.0/arm-none-eabi-gcc/bin/../lib/gcc/arm-none-eabi/4.9.3/armv7-m/crtbegin.o

.bss            0x20002cf0      0x100
                0x20002cf0                __bss_start__ = .
                0x20002cf0                _sbss = .
 *(.shbss)
 *(.bss .bss.* .gnu.linkonce.b.*)
 .bss           0x20002cf0       0x1c c:/microsemi/softconsole_v4.0/arm-none-eabi-gcc/bin/../lib/gcc/arm-none-eabi/4.9.3/armv7-m/crtbegin.o
 .bss.g_comblk_cmd_opcode
                0x20002d0c        0x1 ./drivers/mss_sys_services/mss_comblk.o
 *fill*         0x20002d0d        0x3 
 .bss.g_comblk_p_cmd
                0x20002d10        0x4 ./drivers/mss_sys_services/mss_comblk.o
 .bss.g_comblk_cmd_size
                0x20002d14        0x2 ./drivers/mss_sys_services/mss_comblk.o
 *fill*         0x20002d16        0x2 
 .bss.g_comblk_p_data
                0x20002d18        0x4 ./drivers/mss_sys_services/mss_comblk.o
 .bss.g_comblk_data_size
                0x20002d1c        0x4 ./drivers/mss_sys_services/mss_comblk.o
 .bss.g_comblk_p_response
                0x20002d20        0x4 ./drivers/mss_sys_services/mss_comblk.o
 .bss.g_comblk_response_size
                0x20002d24        0x2 ./drivers/mss_sys_services/mss_comblk.o
 .bss.g_comblk_response_idx
                0x20002d26        0x2 ./drivers/mss_sys_services/mss_comblk.o
 .bss.g_comblk_completion_handler
                0x20002d28        0x4 ./drivers/mss_sys_services/mss_comblk.o
 .bss.g_comblk_page_handler
                0x20002d2c        0x4 ./drivers/mss_sys_services/mss_comblk.o
 .bss.g_request_in_progress
                0x20002d30        0x1 ./drivers/mss_sys_services/mss_comblk.o
 .bss.g_comblk_state
                0x20002d31        0x1 ./drivers/mss_sys_services/mss_comblk.o
 *fill*         0x20002d32        0x2 
 .bss.g_async_event_handler
                0x20002d34        0x4 ./drivers/mss_sys_services/mss_comblk.o
 .bss.g_transfer
                0x20002d38       0x18 ./drivers/mss_hpdma/mss_hpdma.o
 .bss.g_hpdma_end_desc
                0x20002d50        0x4 ./drivers/mss_hpdma/mss_hpdma.o
 .bss.g_hpdma_current_desc
                0x20002d54        0x4 ./drivers/mss_hpdma/mss_hpdma.o
 .bss.heap_end.5162
                0x20002d58        0x4 ./CMSIS/startup_gcc/newlib_stubs.o
 .bss.__malloc_sbrk_start
                0x20002d5c        0x4 c:/microsemi/softconsole_v4.0/arm-none-eabi-gcc/bin/../lib/gcc/arm-none-eabi/4.9.3/../../../../arm-none-eabi/lib/armv7-m\libg_nano.a(lib_a-nano-mallocr.o)
                0x20002d5c                __malloc_sbrk_start
 .bss.__malloc_free_list
                0x20002d60        0x4 c:/microsemi/softconsole_v4.0/arm-none-eabi-gcc/bin/../lib/gcc/arm-none-eabi/4.9.3/../../../../arm-none-eabi/lib/armv7-m\libg_nano.a(lib_a-nano-mallocr.o)
                0x20002d60                __malloc_free_list
 *(COMMON)
 COMMON         0x20002d64       0x80 ./drivers/mss_uart/mss_uart.o
                0x20002d64                g_mss_uart1
                0x20002da4                g_mss_uart0
 COMMON         0x20002de4        0x4 c:/microsemi/softconsole_v4.0/arm-none-eabi-gcc/bin/../lib/gcc/arm-none-eabi/4.9.3/../../../../arm-none-eabi/lib/armv7-m\libg_nano.a(lib_a-reent.o)
                0x20002de4                errno
                0x20002df0                . = ALIGN (0x10)
 *fill*         0x20002de8        0x8 
                0x20002df0                __bss_end__ = .
                0x20002df0                _end = .
                0x20002df0                __end = _end
                0x20002df0                _ebss = .
                0x20002df0                PROVIDE (end, .)

.heap           0x20002df0     0xc210
                0x20002df0                __heap_start__ = .
                0x20003df0                . = (. + MIN_SIZE_HEAP)
 *fill*         0x20002df0     0x1000 
                0x2000f000                . = (. + (((ABSOLUTE (RAM_START_ADDRESS) + RAM_SIZE) - MAIN_STACK_SIZE) - .))
 *fill*         0x20003df0     0xb210 
                0x2000f000                _eheap = .

.stack          0x2000f000     0x1000
                0x2000f000                __stack_start__ = .
                0x20010000                . = (. + MAIN_STACK_SIZE)
 *fill*         0x2000f000     0x1000 
                0x20010000                _estack = .

.stab
 *(.stab)

.stabstr
 *(.stabstr)

.debug
 *(.debug)

.line
 *(.line)

.debug_srcinfo
 *(.debug_srcinfo)

.debug_sfnames
 *(.debug_sfnames)

.debug_aranges  0x00000000      0x798
 *(.debug_aranges)
 .debug_aranges
                0x00000000       0x20 ./hal/CortexM3/GNU/hal.o
 .debug_aranges
                0x00000020       0x20 ./hal/CortexM3/GNU/hw_reg_access.o
 .debug_aranges
                0x00000040       0x48 ./hal/CortexM3/cortex_nvic.o
 .debug_aranges
                0x00000088       0x18 ./drivers_config/sys_config/sys_config.o
 .debug_aranges
                0x000000a0      0x1d0 ./drivers/mss_uart/mss_uart.o
 .debug_aranges
                0x00000270       0x90 ./drivers/mss_sys_services/mss_comblk.o
 .debug_aranges
                0x00000300      0x1c8 ./drivers/mss_sys_services/mss_sys_services.o
 .debug_aranges
                0x000004c8       0x80 ./drivers/mss_nvm/mss_nvm.o
 .debug_aranges
                0x00000548       0x80 ./drivers/mss_hpdma/mss_hpdma.o
 .debug_aranges
                0x000005c8       0x68 ./drivers/mss_gpio/mss_gpio.o
 .debug_aranges
                0x00000630       0xa8 ./CMSIS/startup_gcc/newlib_stubs.o
 .debug_aranges
                0x000006d8       0x20 ./CMSIS/startup_gcc/startup_m2sxxx.o
 .debug_aranges
                0x000006f8       0x50 ./CMSIS/system_m2sxxx.o
 .debug_aranges
                0x00000748       0x50 ./main.o

.debug_pubnames
 *(.debug_pubnames)

.debug_info     0x00000000     0x9942
 *(.debug_info .gnu.linkonce.wi.*)
 .debug_info    0x00000000       0x8d ./hal/CortexM3/GNU/hal.o
 .debug_info    0x0000008d       0x97 ./hal/CortexM3/GNU/hw_reg_access.o
 .debug_info    0x00000124      0x18b ./hal/CortexM3/cortex_nvic.o
 .debug_info    0x000002af       0x96 ./drivers_config/sys_config/sys_config.o
 .debug_info    0x00000345     0x1cc5 ./drivers/mss_uart/mss_uart.o
 .debug_info    0x0000200a      0xb0d ./drivers/mss_sys_services/mss_comblk.o
 .debug_info    0x00002b17     0x1e16 ./drivers/mss_sys_services/mss_sys_services.o
 .debug_info    0x0000492d     0x1158 ./drivers/mss_nvm/mss_nvm.o
 .debug_info    0x00005a85     0x1169 ./drivers/mss_hpdma/mss_hpdma.o
 .debug_info    0x00006bee     0x1013 ./drivers/mss_gpio/mss_gpio.o
 .debug_info    0x00007c01      0x692 ./CMSIS/startup_gcc/newlib_stubs.o
 .debug_info    0x00008293       0x99 ./CMSIS/startup_gcc/startup_m2sxxx.o
 .debug_info    0x0000832c      0xaa3 ./CMSIS/system_m2sxxx.o
 .debug_info    0x00008dcf      0xb73 ./main.o

.debug_abbrev   0x00000000     0x1365
 *(.debug_abbrev)
 .debug_abbrev  0x00000000       0x14 ./hal/CortexM3/GNU/hal.o
 .debug_abbrev  0x00000014       0x14 ./hal/CortexM3/GNU/hw_reg_access.o
 .debug_abbrev  0x00000028       0xa3 ./hal/CortexM3/cortex_nvic.o
 .debug_abbrev  0x000000cb       0x4e ./drivers_config/sys_config/sys_config.o
 .debug_abbrev  0x00000119      0x2e6 ./drivers/mss_uart/mss_uart.o
 .debug_abbrev  0x000003ff      0x1d2 ./drivers/mss_sys_services/mss_comblk.o
 .debug_abbrev  0x000005d1      0x251 ./drivers/mss_sys_services/mss_sys_services.o
 .debug_abbrev  0x00000822      0x1cb ./drivers/mss_nvm/mss_nvm.o
 .debug_abbrev  0x000009ed      0x246 ./drivers/mss_hpdma/mss_hpdma.o
 .debug_abbrev  0x00000c33      0x19a ./drivers/mss_gpio/mss_gpio.o
 .debug_abbrev  0x00000dcd      0x1c4 ./CMSIS/startup_gcc/newlib_stubs.o
 .debug_abbrev  0x00000f91       0x14 ./CMSIS/startup_gcc/startup_m2sxxx.o
 .debug_abbrev  0x00000fa5      0x189 ./CMSIS/system_m2sxxx.o
 .debug_abbrev  0x0000112e      0x237 ./main.o

.debug_line     0x00000000     0x42af
 *(.debug_line)
 .debug_line    0x00000000       0x4d ./hal/CortexM3/GNU/hal.o
 .debug_line    0x0000004d       0x8b ./hal/CortexM3/GNU/hw_reg_access.o
 .debug_line    0x000000d8      0x2b0 ./hal/CortexM3/cortex_nvic.o
 .debug_line    0x00000388      0x2aa ./drivers_config/sys_config/sys_config.o
 .debug_line    0x00000632      0xe31 ./drivers/mss_uart/mss_uart.o
 .debug_line    0x00001463      0x53d ./drivers/mss_sys_services/mss_comblk.o
 .debug_line    0x000019a0      0xdaf ./drivers/mss_sys_services/mss_sys_services.o
 .debug_line    0x0000274f      0x689 ./drivers/mss_nvm/mss_nvm.o
 .debug_line    0x00002dd8      0x467 ./drivers/mss_hpdma/mss_hpdma.o
 .debug_line    0x0000323f      0x3df ./drivers/mss_gpio/mss_gpio.o
 .debug_line    0x0000361e      0x41a ./CMSIS/startup_gcc/newlib_stubs.o
 .debug_line    0x00003a38      0x190 ./CMSIS/startup_gcc/startup_m2sxxx.o
 .debug_line    0x00003bc8      0x354 ./CMSIS/system_m2sxxx.o
 .debug_line    0x00003f1c      0x393 ./main.o

.debug_frame    0x00000000     0x2590
 *(.debug_frame)
 .debug_frame   0x00000000       0xf8 ./hal/CortexM3/cortex_nvic.o
 .debug_frame   0x000000f8      0x820 ./drivers/mss_uart/mss_uart.o
 .debug_frame   0x00000918      0x240 ./drivers/mss_sys_services/mss_comblk.o
 .debug_frame   0x00000b58      0x7e0 ./drivers/mss_sys_services/mss_sys_services.o
 .debug_frame   0x00001338      0x208 ./drivers/mss_nvm/mss_nvm.o
 .debug_frame   0x00001540      0x210 ./drivers/mss_hpdma/mss_hpdma.o
 .debug_frame   0x00001750      0x198 ./drivers/mss_gpio/mss_gpio.o
 .debug_frame   0x000018e8      0x2a8 ./CMSIS/startup_gcc/newlib_stubs.o
 .debug_frame   0x00001b90      0x10c ./CMSIS/system_m2sxxx.o
 .debug_frame   0x00001c9c      0x114 ./main.o
 .debug_frame   0x00001db0       0x20 c:/microsemi/softconsole_v4.0/arm-none-eabi-gcc/bin/../lib/gcc/arm-none-eabi/4.9.3/../../../../arm-none-eabi/lib/armv7-m\libg_nano.a(lib_a-errno.o)
 .debug_frame   0x00001dd0       0x28 c:/microsemi/softconsole_v4.0/arm-none-eabi-gcc/bin/../lib/gcc/arm-none-eabi/4.9.3/../../../../arm-none-eabi/lib/armv7-m\libg_nano.a(lib_a-exit.o)
 .debug_frame   0x00001df8       0x2c c:/microsemi/softconsole_v4.0/arm-none-eabi-gcc/bin/../lib/gcc/arm-none-eabi/4.9.3/../../../../arm-none-eabi/lib/armv7-m\libg_nano.a(lib_a-init.o)
 .debug_frame   0x00001e24       0x28 c:/microsemi/softconsole_v4.0/arm-none-eabi-gcc/bin/../lib/gcc/arm-none-eabi/4.9.3/../../../../arm-none-eabi/lib/armv7-m\libg_nano.a(lib_a-memcpy.o)
 .debug_frame   0x00001e4c       0x20 c:/microsemi/softconsole_v4.0/arm-none-eabi-gcc/bin/../lib/gcc/arm-none-eabi/4.9.3/../../../../arm-none-eabi/lib/armv7-m\libg_nano.a(lib_a-memset.o)
 .debug_frame   0x00001e6c       0x74 c:/microsemi/softconsole_v4.0/arm-none-eabi-gcc/bin/../lib/gcc/arm-none-eabi/4.9.3/../../../../arm-none-eabi/lib/armv7-m\libg_nano.a(lib_a-printf.o)
 .debug_frame   0x00001ee0      0x11c c:/microsemi/softconsole_v4.0/arm-none-eabi-gcc/bin/../lib/gcc/arm-none-eabi/4.9.3/../../../../arm-none-eabi/lib/armv7-m\libg_nano.a(lib_a-findfp.o)
 .debug_frame   0x00001ffc       0x54 c:/microsemi/softconsole_v4.0/arm-none-eabi-gcc/bin/../lib/gcc/arm-none-eabi/4.9.3/../../../../arm-none-eabi/lib/armv7-m\libg_nano.a(lib_a-fwalk.o)
 .debug_frame   0x00002050       0x2c c:/microsemi/softconsole_v4.0/arm-none-eabi-gcc/bin/../lib/gcc/arm-none-eabi/4.9.3/../../../../arm-none-eabi/lib/armv7-m\libg_nano.a(lib_a-nano-mallocr.o)
 .debug_frame   0x0000207c       0xb8 c:/microsemi/softconsole_v4.0/arm-none-eabi-gcc/bin/../lib/gcc/arm-none-eabi/4.9.3/../../../../arm-none-eabi/lib/armv7-m\libg_nano.a(lib_a-nano-vfprintf.o)
 .debug_frame   0x00002134       0x58 c:/microsemi/softconsole_v4.0/arm-none-eabi-gcc/bin/../lib/gcc/arm-none-eabi/4.9.3/../../../../arm-none-eabi/lib/armv7-m\libg_nano.a(lib_a-nano-vfprintf_i.o)
 .debug_frame   0x0000218c       0x2c c:/microsemi/softconsole_v4.0/arm-none-eabi-gcc/bin/../lib/gcc/arm-none-eabi/4.9.3/../../../../arm-none-eabi/lib/armv7-m\libg_nano.a(lib_a-sbrkr.o)
 .debug_frame   0x000021b8       0x88 c:/microsemi/softconsole_v4.0/arm-none-eabi-gcc/bin/../lib/gcc/arm-none-eabi/4.9.3/../../../../arm-none-eabi/lib/armv7-m\libg_nano.a(lib_a-stdio.o)
 .debug_frame   0x00002240       0x3c c:/microsemi/softconsole_v4.0/arm-none-eabi-gcc/bin/../lib/gcc/arm-none-eabi/4.9.3/../../../../arm-none-eabi/lib/armv7-m\libg_nano.a(lib_a-wbuf.o)
 .debug_frame   0x0000227c       0x2c c:/microsemi/softconsole_v4.0/arm-none-eabi-gcc/bin/../lib/gcc/arm-none-eabi/4.9.3/../../../../arm-none-eabi/lib/armv7-m\libg_nano.a(lib_a-wsetup.o)
 .debug_frame   0x000022a8       0x2c c:/microsemi/softconsole_v4.0/arm-none-eabi-gcc/bin/../lib/gcc/arm-none-eabi/4.9.3/../../../../arm-none-eabi/lib/armv7-m\libg_nano.a(lib_a-closer.o)
 .debug_frame   0x000022d4       0x68 c:/microsemi/softconsole_v4.0/arm-none-eabi-gcc/bin/../lib/gcc/arm-none-eabi/4.9.3/../../../../arm-none-eabi/lib/armv7-m\libg_nano.a(lib_a-fflush.o)
 .debug_frame   0x0000233c       0x3c c:/microsemi/softconsole_v4.0/arm-none-eabi-gcc/bin/../lib/gcc/arm-none-eabi/4.9.3/../../../../arm-none-eabi/lib/armv7-m\libg_nano.a(lib_a-fvwrite.o)
 .debug_frame   0x00002378       0x2c c:/microsemi/softconsole_v4.0/arm-none-eabi-gcc/bin/../lib/gcc/arm-none-eabi/4.9.3/../../../../arm-none-eabi/lib/armv7-m\libg_nano.a(lib_a-lseekr.o)
 .debug_frame   0x000023a4       0x34 c:/microsemi/softconsole_v4.0/arm-none-eabi-gcc/bin/../lib/gcc/arm-none-eabi/4.9.3/../../../../arm-none-eabi/lib/armv7-m\libg_nano.a(lib_a-makebuf.o)
 .debug_frame   0x000023d8       0x28 c:/microsemi/softconsole_v4.0/arm-none-eabi-gcc/bin/../lib/gcc/arm-none-eabi/4.9.3/../../../../arm-none-eabi/lib/armv7-m\libg_nano.a(lib_a-memchr.o)
 .debug_frame   0x00002400       0x28 c:/microsemi/softconsole_v4.0/arm-none-eabi-gcc/bin/../lib/gcc/arm-none-eabi/4.9.3/../../../../arm-none-eabi/lib/armv7-m\libg_nano.a(lib_a-memmove.o)
 .debug_frame   0x00002428       0x2c c:/microsemi/softconsole_v4.0/arm-none-eabi-gcc/bin/../lib/gcc/arm-none-eabi/4.9.3/../../../../arm-none-eabi/lib/armv7-m\libg_nano.a(lib_a-nano-freer.o)
 .debug_frame   0x00002454       0x3c c:/microsemi/softconsole_v4.0/arm-none-eabi-gcc/bin/../lib/gcc/arm-none-eabi/4.9.3/../../../../arm-none-eabi/lib/armv7-m\libg_nano.a(lib_a-nano-reallocr.o)
 .debug_frame   0x00002490       0x2c c:/microsemi/softconsole_v4.0/arm-none-eabi-gcc/bin/../lib/gcc/arm-none-eabi/4.9.3/../../../../arm-none-eabi/lib/armv7-m\libg_nano.a(lib_a-readr.o)
 .debug_frame   0x000024bc       0x5c c:/microsemi/softconsole_v4.0/arm-none-eabi-gcc/bin/../lib/gcc/arm-none-eabi/4.9.3/../../../../arm-none-eabi/lib/armv7-m\libg_nano.a(lib_a-reent.o)
 .debug_frame   0x00002518       0x2c c:/microsemi/softconsole_v4.0/arm-none-eabi-gcc/bin/../lib/gcc/arm-none-eabi/4.9.3/../../../../arm-none-eabi/lib/armv7-m\libg_nano.a(lib_a-fstatr.o)
 .debug_frame   0x00002544       0x2c c:/microsemi/softconsole_v4.0/arm-none-eabi-gcc/bin/../lib/gcc/arm-none-eabi/4.9.3/../../../../arm-none-eabi/lib/armv7-m\libg_nano.a(lib_a-isattyr.o)
 .debug_frame   0x00002570       0x20 c:/microsemi/softconsole_v4.0/arm-none-eabi-gcc/bin/../lib/gcc/arm-none-eabi/4.9.3/../../../../arm-none-eabi/lib/armv7-m\libg_nano.a(lib_a-nano-msizer.o)

.debug_str      0x00000000    0x13a69
 *(.debug_str)
 .debug_str     0x00000000     0x3499 ./hal/CortexM3/cortex_nvic.o
                               0x3621 (size before relaxing)
 .debug_str     0x00003499     0x5709 ./drivers_config/sys_config/sys_config.o
                               0x8716 (size before relaxing)
 .debug_str     0x00008ba2     0x257d ./drivers/mss_uart/mss_uart.o
                               0xb09f (size before relaxing)
 .debug_str     0x0000b11f      0x4be ./drivers/mss_sys_services/mss_comblk.o
                               0x94de (size before relaxing)
 .debug_str     0x0000b5dd     0x4192 ./drivers/mss_sys_services/mss_sys_services.o
                               0xd700 (size before relaxing)
 .debug_str     0x0000f76f      0xcc9 ./drivers/mss_nvm/mss_nvm.o
                               0x9e4e (size before relaxing)
 .debug_str     0x00010438      0x762 ./drivers/mss_hpdma/mss_hpdma.o
                               0x9df8 (size before relaxing)
 .debug_str     0x00010b9a      0x9e1 ./drivers/mss_gpio/mss_gpio.o
                               0xa04c (size before relaxing)
 .debug_str     0x0001157b     0x1eec ./CMSIS/startup_gcc/newlib_stubs.o
                               0x6a30 (size before relaxing)
 .debug_str     0x00013467      0x530 ./CMSIS/system_m2sxxx.o
                               0x93c5 (size before relaxing)
 .debug_str     0x00013997       0xd2 ./main.o
                               0x9e5e (size before relaxing)

.debug_loc
 *(.debug_loc)

.debug_macinfo
 *(.debug_macinfo)

.debug_weaknames
 *(.debug_weaknames)

.debug_funcnames
 *(.debug_funcnames)

.debug_typenames
 *(.debug_typenames)

.debug_varnames
 *(.debug_varnames)

.note.gnu.arm.ident
 *(.note.gnu.arm.ident)

.ARM.attributes
                0x00000000       0x29
 *(.ARM.attributes)
 .ARM.attributes
                0x00000000       0x1d c:/microsemi/softconsole_v4.0/arm-none-eabi-gcc/bin/../lib/gcc/arm-none-eabi/4.9.3/armv7-m/crti.o
 .ARM.attributes
                0x0000001d       0x2d c:/microsemi/softconsole_v4.0/arm-none-eabi-gcc/bin/../lib/gcc/arm-none-eabi/4.9.3/armv7-m/crtbegin.o
 .ARM.attributes
                0x0000004a       0x1b c:/microsemi/softconsole_v4.0/arm-none-eabi-gcc/bin/../lib/gcc/arm-none-eabi/4.9.3/../../../../arm-none-eabi/lib/armv7-m/crt0.o
 .ARM.attributes
                0x00000065       0x21 ./hal/CortexM3/GNU/hal.o
 .ARM.attributes
                0x00000086       0x21 ./hal/CortexM3/GNU/hw_reg_access.o
 .ARM.attributes
                0x000000a7       0x33 ./hal/CortexM3/cortex_nvic.o
 .ARM.attributes
                0x000000da       0x33 ./drivers_config/sys_config/sys_config.o
 .ARM.attributes
                0x0000010d       0x33 ./drivers/mss_uart/mss_uart.o
 .ARM.attributes
                0x00000140       0x33 ./drivers/mss_sys_services/mss_comblk.o
 .ARM.attributes
                0x00000173       0x33 ./drivers/mss_sys_services/mss_sys_services.o
 .ARM.attributes
                0x000001a6       0x33 ./drivers/mss_nvm/mss_nvm.o
 .ARM.attributes
                0x000001d9       0x33 ./drivers/mss_hpdma/mss_hpdma.o
 .ARM.attributes
                0x0000020c       0x33 ./drivers/mss_gpio/mss_gpio.o
 .ARM.attributes
                0x0000023f       0x33 ./CMSIS/startup_gcc/newlib_stubs.o
 .ARM.attributes
                0x00000272       0x21 ./CMSIS/startup_gcc/startup_m2sxxx.o
 .ARM.attributes
                0x00000293       0x33 ./CMSIS/system_m2sxxx.o
 .ARM.attributes
                0x000002c6       0x33 ./main.o
 .ARM.attributes
                0x000002f9       0x2d c:/microsemi/softconsole_v4.0/arm-none-eabi-gcc/bin/../lib/gcc/arm-none-eabi/4.9.3/../../../../arm-none-eabi/lib/armv7-m\libg_nano.a(lib_a-errno.o)
 .ARM.attributes
                0x00000326       0x2d c:/microsemi/softconsole_v4.0/arm-none-eabi-gcc/bin/../lib/gcc/arm-none-eabi/4.9.3/../../../../arm-none-eabi/lib/armv7-m\libg_nano.a(lib_a-exit.o)
 .ARM.attributes
                0x00000353       0x2d c:/microsemi/softconsole_v4.0/arm-none-eabi-gcc/bin/../lib/gcc/arm-none-eabi/4.9.3/../../../../arm-none-eabi/lib/armv7-m\libg_nano.a(lib_a-impure.o)
 .ARM.attributes
                0x00000380       0x2d c:/microsemi/softconsole_v4.0/arm-none-eabi-gcc/bin/../lib/gcc/arm-none-eabi/4.9.3/../../../../arm-none-eabi/lib/armv7-m\libg_nano.a(lib_a-init.o)
 .ARM.attributes
                0x000003ad       0x2d c:/microsemi/softconsole_v4.0/arm-none-eabi-gcc/bin/../lib/gcc/arm-none-eabi/4.9.3/../../../../arm-none-eabi/lib/armv7-m\libg_nano.a(lib_a-memcpy.o)
 .ARM.attributes
                0x000003da       0x2d c:/microsemi/softconsole_v4.0/arm-none-eabi-gcc/bin/../lib/gcc/arm-none-eabi/4.9.3/../../../../arm-none-eabi/lib/armv7-m\libg_nano.a(lib_a-memset.o)
 .ARM.attributes
                0x00000407       0x2d c:/microsemi/softconsole_v4.0/arm-none-eabi-gcc/bin/../lib/gcc/arm-none-eabi/4.9.3/../../../../arm-none-eabi/lib/armv7-m\libg_nano.a(lib_a-printf.o)
 .ARM.attributes
                0x00000434       0x2d c:/microsemi/softconsole_v4.0/arm-none-eabi-gcc/bin/../lib/gcc/arm-none-eabi/4.9.3/../../../../arm-none-eabi/lib/armv7-m\libg_nano.a(lib_a-findfp.o)
 .ARM.attributes
                0x00000461       0x2d c:/microsemi/softconsole_v4.0/arm-none-eabi-gcc/bin/../lib/gcc/arm-none-eabi/4.9.3/../../../../arm-none-eabi/lib/armv7-m\libg_nano.a(lib_a-fwalk.o)
 .ARM.attributes
                0x0000048e       0x2d c:/microsemi/softconsole_v4.0/arm-none-eabi-gcc/bin/../lib/gcc/arm-none-eabi/4.9.3/../../../../arm-none-eabi/lib/armv7-m\libg_nano.a(lib_a-nano-mallocr.o)
 .ARM.attributes
                0x000004bb       0x2d c:/microsemi/softconsole_v4.0/arm-none-eabi-gcc/bin/../lib/gcc/arm-none-eabi/4.9.3/../../../../arm-none-eabi/lib/armv7-m\libg_nano.a(lib_a-nano-vfprintf.o)
 .ARM.attributes
                0x000004e8       0x2d c:/microsemi/softconsole_v4.0/arm-none-eabi-gcc/bin/../lib/gcc/arm-none-eabi/4.9.3/../../../../arm-none-eabi/lib/armv7-m\libg_nano.a(lib_a-nano-vfprintf_i.o)
 .ARM.attributes
                0x00000515       0x2d c:/microsemi/softconsole_v4.0/arm-none-eabi-gcc/bin/../lib/gcc/arm-none-eabi/4.9.3/../../../../arm-none-eabi/lib/armv7-m\libg_nano.a(lib_a-sbrkr.o)
 .ARM.attributes
                0x00000542       0x2d c:/microsemi/softconsole_v4.0/arm-none-eabi-gcc/bin/../lib/gcc/arm-none-eabi/4.9.3/../../../../arm-none-eabi/lib/armv7-m\libg_nano.a(lib_a-stdio.o)
 .ARM.attributes
                0x0000056f       0x2d c:/microsemi/softconsole_v4.0/arm-none-eabi-gcc/bin/../lib/gcc/arm-none-eabi/4.9.3/../../../../arm-none-eabi/lib/armv7-m\libg_nano.a(lib_a-wbuf.o)
 .ARM.attributes
                0x0000059c       0x2d c:/microsemi/softconsole_v4.0/arm-none-eabi-gcc/bin/../lib/gcc/arm-none-eabi/4.9.3/../../../../arm-none-eabi/lib/armv7-m\libg_nano.a(lib_a-wsetup.o)
 .ARM.attributes
                0x000005c9       0x2d c:/microsemi/softconsole_v4.0/arm-none-eabi-gcc/bin/../lib/gcc/arm-none-eabi/4.9.3/../../../../arm-none-eabi/lib/armv7-m\libg_nano.a(lib_a-closer.o)
 .ARM.attributes
                0x000005f6       0x2d c:/microsemi/softconsole_v4.0/arm-none-eabi-gcc/bin/../lib/gcc/arm-none-eabi/4.9.3/../../../../arm-none-eabi/lib/armv7-m\libg_nano.a(lib_a-fflush.o)
 .ARM.attributes
                0x00000623       0x2d c:/microsemi/softconsole_v4.0/arm-none-eabi-gcc/bin/../lib/gcc/arm-none-eabi/4.9.3/../../../../arm-none-eabi/lib/armv7-m\libg_nano.a(lib_a-fvwrite.o)
 .ARM.attributes
                0x00000650       0x2d c:/microsemi/softconsole_v4.0/arm-none-eabi-gcc/bin/../lib/gcc/arm-none-eabi/4.9.3/../../../../arm-none-eabi/lib/armv7-m\libg_nano.a(lib_a-lseekr.o)
 .ARM.attributes
                0x0000067d       0x2d c:/microsemi/softconsole_v4.0/arm-none-eabi-gcc/bin/../lib/gcc/arm-none-eabi/4.9.3/../../../../arm-none-eabi/lib/armv7-m\libg_nano.a(lib_a-makebuf.o)
 .ARM.attributes
                0x000006aa       0x2d c:/microsemi/softconsole_v4.0/arm-none-eabi-gcc/bin/../lib/gcc/arm-none-eabi/4.9.3/../../../../arm-none-eabi/lib/armv7-m\libg_nano.a(lib_a-memchr.o)
 .ARM.attributes
                0x000006d7       0x2d c:/microsemi/softconsole_v4.0/arm-none-eabi-gcc/bin/../lib/gcc/arm-none-eabi/4.9.3/../../../../arm-none-eabi/lib/armv7-m\libg_nano.a(lib_a-memmove.o)
 .ARM.attributes
                0x00000704       0x2d c:/microsemi/softconsole_v4.0/arm-none-eabi-gcc/bin/../lib/gcc/arm-none-eabi/4.9.3/../../../../arm-none-eabi/lib/armv7-m\libg_nano.a(lib_a-nano-freer.o)
 .ARM.attributes
                0x00000731       0x2d c:/microsemi/softconsole_v4.0/arm-none-eabi-gcc/bin/../lib/gcc/arm-none-eabi/4.9.3/../../../../arm-none-eabi/lib/armv7-m\libg_nano.a(lib_a-nano-reallocr.o)
 .ARM.attributes
                0x0000075e       0x2d c:/microsemi/softconsole_v4.0/arm-none-eabi-gcc/bin/../lib/gcc/arm-none-eabi/4.9.3/../../../../arm-none-eabi/lib/armv7-m\libg_nano.a(lib_a-readr.o)
 .ARM.attributes
                0x0000078b       0x2d c:/microsemi/softconsole_v4.0/arm-none-eabi-gcc/bin/../lib/gcc/arm-none-eabi/4.9.3/../../../../arm-none-eabi/lib/armv7-m\libg_nano.a(lib_a-reent.o)
 .ARM.attributes
                0x000007b8       0x2d c:/microsemi/softconsole_v4.0/arm-none-eabi-gcc/bin/../lib/gcc/arm-none-eabi/4.9.3/../../../../arm-none-eabi/lib/armv7-m\libg_nano.a(lib_a-fstatr.o)
 .ARM.attributes
                0x000007e5       0x2d c:/microsemi/softconsole_v4.0/arm-none-eabi-gcc/bin/../lib/gcc/arm-none-eabi/4.9.3/../../../../arm-none-eabi/lib/armv7-m\libg_nano.a(lib_a-isattyr.o)
 .ARM.attributes
                0x00000812       0x2d c:/microsemi/softconsole_v4.0/arm-none-eabi-gcc/bin/../lib/gcc/arm-none-eabi/4.9.3/../../../../arm-none-eabi/lib/armv7-m\libg_nano.a(lib_a-nano-msizer.o)
 .ARM.attributes
                0x0000083f       0x2d c:/microsemi/softconsole_v4.0/arm-none-eabi-gcc/bin/../lib/gcc/arm-none-eabi/4.9.3/armv7-m/crtend.o
 .ARM.attributes
                0x0000086c       0x1d c:/microsemi/softconsole_v4.0/arm-none-eabi-gcc/bin/../lib/gcc/arm-none-eabi/4.9.3/armv7-m/crtn.o

/DISCARD/
 *(.note.GNU-stack)
 *(.isr_vector)
OUTPUT(blink_char_rxtx.elf elf32-littlearm)

.debug_ranges   0x00000000      0x680
 .debug_ranges  0x00000000       0x38 ./hal/CortexM3/cortex_nvic.o
 .debug_ranges  0x00000038      0x1c0 ./drivers/mss_uart/mss_uart.o
 .debug_ranges  0x000001f8       0x80 ./drivers/mss_sys_services/mss_comblk.o
 .debug_ranges  0x00000278      0x1b8 ./drivers/mss_sys_services/mss_sys_services.o
 .debug_ranges  0x00000430       0x70 ./drivers/mss_nvm/mss_nvm.o
 .debug_ranges  0x000004a0       0x70 ./drivers/mss_hpdma/mss_hpdma.o
 .debug_ranges  0x00000510       0x58 ./drivers/mss_gpio/mss_gpio.o
 .debug_ranges  0x00000568       0x98 ./CMSIS/startup_gcc/newlib_stubs.o
 .debug_ranges  0x00000600       0x40 ./CMSIS/system_m2sxxx.o
 .debug_ranges  0x00000640       0x40 ./main.o

.debug_macro    0x00000000     0x4524
 .debug_macro   0x00000000       0xa8 ./hal/CortexM3/cortex_nvic.o
 .debug_macro   0x000000a8      0x862 ./hal/CortexM3/cortex_nvic.o
 .debug_macro   0x0000090a       0x22 ./hal/CortexM3/cortex_nvic.o
 .debug_macro   0x0000092c       0x44 ./hal/CortexM3/cortex_nvic.o
 .debug_macro   0x00000970       0x58 ./hal/CortexM3/cortex_nvic.o
 .debug_macro   0x000009c8       0x22 ./hal/CortexM3/cortex_nvic.o
 .debug_macro   0x000009ea      0x1df ./hal/CortexM3/cortex_nvic.o
 .debug_macro   0x00000bc9       0x58 ./hal/CortexM3/cortex_nvic.o
 .debug_macro   0x00000c21       0x35 ./hal/CortexM3/cortex_nvic.o
 .debug_macro   0x00000c56       0x9c ./hal/CortexM3/cortex_nvic.o
 .debug_macro   0x00000cf2       0x1c ./hal/CortexM3/cortex_nvic.o
 .debug_macro   0x00000d0e       0xa9 ./drivers_config/sys_config/sys_config.o
 .debug_macro   0x00000db7       0x26 ./drivers_config/sys_config/sys_config.o
 .debug_macro   0x00000ddd       0x3a ./drivers_config/sys_config/sys_config.o
 .debug_macro   0x00000e17       0x34 ./drivers_config/sys_config/sys_config.o
 .debug_macro   0x00000e4b      0xc83 ./drivers_config/sys_config/sys_config.o
 .debug_macro   0x00001ace      0x265 ./drivers_config/sys_config/sys_config.o
 .debug_macro   0x00001d33       0x3a ./drivers_config/sys_config/sys_config.o
 .debug_macro   0x00001d6d       0x34 ./drivers_config/sys_config/sys_config.o
 .debug_macro   0x00001da1      0x168 ./drivers/mss_uart/mss_uart.o
 .debug_macro   0x00001f09      0x16d ./drivers/mss_uart/mss_uart.o
 .debug_macro   0x00002076      0x177 ./drivers/mss_uart/mss_uart.o
 .debug_macro   0x000021ed       0xe2 ./drivers/mss_uart/mss_uart.o
 .debug_macro   0x000022cf       0x22 ./drivers/mss_uart/mss_uart.o
 .debug_macro   0x000022f1      0x14b ./drivers/mss_sys_services/mss_comblk.o
 .debug_macro   0x0000243c      0x3bd ./drivers/mss_sys_services/mss_sys_services.o
 .debug_macro   0x000027f9      0x2f8 ./drivers/mss_sys_services/mss_sys_services.o
 .debug_macro   0x00002af1       0x52 ./drivers/mss_sys_services/mss_sys_services.o
 .debug_macro   0x00002b43       0x16 ./drivers/mss_sys_services/mss_sys_services.o
 .debug_macro   0x00002b59       0x43 ./drivers/mss_sys_services/mss_sys_services.o
 .debug_macro   0x00002b9c      0x180 ./drivers/mss_sys_services/mss_sys_services.o
 .debug_macro   0x00002d1c      0x27a ./drivers/mss_sys_services/mss_sys_services.o
 .debug_macro   0x00002f96       0x10 ./drivers/mss_sys_services/mss_sys_services.o
 .debug_macro   0x00002fa6       0x35 ./drivers/mss_sys_services/mss_sys_services.o
 .debug_macro   0x00002fdb      0x292 ./drivers/mss_nvm/mss_nvm.o
 .debug_macro   0x0000326d       0x16 ./drivers/mss_nvm/mss_nvm.o
 .debug_macro   0x00003283      0x134 ./drivers/mss_hpdma/mss_hpdma.o
 .debug_macro   0x000033b7       0x4a ./drivers/mss_hpdma/mss_hpdma.o
 .debug_macro   0x00003401       0x10 ./drivers/mss_hpdma/mss_hpdma.o
 .debug_macro   0x00003411       0xf2 ./drivers/mss_gpio/mss_gpio.o
 .debug_macro   0x00003503      0x11c ./drivers/mss_gpio/mss_gpio.o
 .debug_macro   0x0000361f      0x186 ./CMSIS/startup_gcc/newlib_stubs.o
 .debug_macro   0x000037a5       0x16 ./CMSIS/startup_gcc/newlib_stubs.o
 .debug_macro   0x000037bb      0x10e ./CMSIS/startup_gcc/newlib_stubs.o
 .debug_macro   0x000038c9       0x86 ./CMSIS/startup_gcc/newlib_stubs.o
 .debug_macro   0x0000394f       0x16 ./CMSIS/startup_gcc/newlib_stubs.o
 .debug_macro   0x00003965       0x29 ./CMSIS/startup_gcc/newlib_stubs.o
 .debug_macro   0x0000398e       0x16 ./CMSIS/startup_gcc/newlib_stubs.o
 .debug_macro   0x000039a4       0x10 ./CMSIS/startup_gcc/newlib_stubs.o
 .debug_macro   0x000039b4       0x22 ./CMSIS/startup_gcc/newlib_stubs.o
 .debug_macro   0x000039d6       0xbe ./CMSIS/startup_gcc/newlib_stubs.o
 .debug_macro   0x00003a94      0x48e ./CMSIS/startup_gcc/newlib_stubs.o
 .debug_macro   0x00003f22       0x16 ./CMSIS/startup_gcc/newlib_stubs.o
 .debug_macro   0x00003f38       0x10 ./CMSIS/startup_gcc/newlib_stubs.o
 .debug_macro   0x00003f48       0x10 ./CMSIS/startup_gcc/newlib_stubs.o
 .debug_macro   0x00003f58       0x10 ./CMSIS/startup_gcc/newlib_stubs.o
 .debug_macro   0x00003f68       0x35 ./CMSIS/startup_gcc/newlib_stubs.o
 .debug_macro   0x00003f9d      0x122 ./CMSIS/startup_gcc/newlib_stubs.o
 .debug_macro   0x000040bf       0x10 ./CMSIS/startup_gcc/newlib_stubs.o
 .debug_macro   0x000040cf      0x241 ./CMSIS/startup_gcc/newlib_stubs.o
 .debug_macro   0x00004310      0x155 ./CMSIS/system_m2sxxx.o
 .debug_macro   0x00004465       0xbf ./main.o

.comment        0x00000000       0x70
 .comment       0x00000000       0x70 ./hal/CortexM3/cortex_nvic.o
                                 0x71 (size before relaxing)
 .comment       0x00000000       0x71 ./drivers_config/sys_config/sys_config.o
 .comment       0x00000000       0x71 ./drivers/mss_uart/mss_uart.o
 .comment       0x00000000       0x71 ./drivers/mss_sys_services/mss_comblk.o
 .comment       0x00000000       0x71 ./drivers/mss_sys_services/mss_sys_services.o
 .comment       0x00000000       0x71 ./drivers/mss_nvm/mss_nvm.o
 .comment       0x00000000       0x71 ./drivers/mss_hpdma/mss_hpdma.o
 .comment       0x00000000       0x71 ./drivers/mss_gpio/mss_gpio.o
 .comment       0x00000000       0x71 ./CMSIS/startup_gcc/newlib_stubs.o
 .comment       0x00000000       0x71 ./CMSIS/system_m2sxxx.o
 .comment       0x00000000       0x71 ./main.o
